============================= test session starts =============================
platform win32 -- Python 3.14.2, pytest-8.4.2, pluggy-1.6.0 -- C:\Python314\python.exe
cachedir: .pytest_cache
rootdir: D:\YuKyuDATA-app1.0v
configfile: pytest.ini
plugins: anyio-4.12.1, asyncio-0.24.0, cov-5.0.0
asyncio: mode=Mode.STRICT, default_loop_scope=None
collecting ... collected 0 items / 1 error

=================================== ERRORS ====================================
__________________ ERROR collecting tests/test_exceptions.py __________________
C:\Users\kenji\AppData\Roaming\Python\Python314\site-packages\_pytest\python.py:498: in importtestmodule
    mod = import_path(
C:\Users\kenji\AppData\Roaming\Python\Python314\site-packages\_pytest\pathlib.py:587: in import_path
    importlib.import_module(module_name)
C:\Python314\Lib\importlib\__init__.py:88: in import_module
    return _bootstrap._gcd_import(name[level:], package, level)
           ^^^^^^^^^^^^^^^^^^^^^^^^^^^^^^^^^^^^^^^^^^^^^^^^^^^^
<frozen importlib._bootstrap>:1398: in _gcd_import
    ???
<frozen importlib._bootstrap>:1371: in _find_and_load
    ???
<frozen importlib._bootstrap>:1342: in _find_and_load_unlocked
    ???
<frozen importlib._bootstrap>:938: in _load_unlocked
    ???
C:\Users\kenji\AppData\Roaming\Python\Python314\site-packages\_pytest\assertion\rewrite.py:186: in exec_module
    exec(co, module.__dict__)
tests\test_exceptions.py:14: in <module>
    from exceptions.custom_exceptions import (
exceptions\__init__.py:6: in <module>
    from .custom_exceptions import (
E     File "D:\YuKyuDATA-app1.0v\exceptions\custom_exceptions.py", line 80
E       self.resource_type = resource_type
E                                         ^
E   IndentationError: unindent does not match any outer indentation level
=========================== short test summary info ===========================
ERROR tests/test_exceptions.py
!!!!!!!!!!!!!!!!!!! Interrupted: 1 error during collection !!!!!!!!!!!!!!!!!!!!
========================= 1 warning, 1 error in 0.52s =========================
